goal: (p = true â†” q = true) â†’ p = q

query:
(declare-const p Bool)
(declare-const q Bool)
(assert (not (=> (= (= p true) (= q true)) (= p q))))
(check-sat)

result: unsat
